/home/tusaslab7/tez_cbf/ros2_ws/install/cbf_filter_pkg/lib/python3.10/site-packages/cbf_filter_pkg/safety_filter_node.py
/home/tusaslab7/tez_cbf/ros2_ws/install/cbf_filter_pkg/lib/python3.10/site-packages/cbf_filter_pkg/obstacle_chaser_node.py
/home/tusaslab7/tez_cbf/ros2_ws/install/cbf_filter_pkg/lib/python3.10/site-packages/cbf_filter_pkg/__init__.py
/home/tusaslab7/tez_cbf/ros2_ws/install/cbf_filter_pkg/lib/python3.10/site-packages/cbf_filter_pkg/params.py
/home/tusaslab7/tez_cbf/ros2_ws/install/cbf_filter_pkg/lib/python3.10/site-packages/cbf_filter_pkg/cbf.py
/home/tusaslab7/tez_cbf/ros2_ws/install/cbf_filter_pkg/lib/python3.10/site-packages/cbf_filter_pkg/ekf.py
/home/tusaslab7/tez_cbf/ros2_ws/install/cbf_filter_pkg/lib/python3.10/site-packages/cbf_filter_pkg/dynamics.py
/home/tusaslab7/tez_cbf/ros2_ws/install/cbf_filter_pkg/lib/python3.10/site-packages/cbf_filter_pkg/__pycache__/safety_filter_node.cpython-310.pyc
/home/tusaslab7/tez_cbf/ros2_ws/install/cbf_filter_pkg/lib/python3.10/site-packages/cbf_filter_pkg/__pycache__/obstacle_chaser_node.cpython-310.pyc
/home/tusaslab7/tez_cbf/ros2_ws/install/cbf_filter_pkg/lib/python3.10/site-packages/cbf_filter_pkg/__pycache__/__init__.cpython-310.pyc
/home/tusaslab7/tez_cbf/ros2_ws/install/cbf_filter_pkg/lib/python3.10/site-packages/cbf_filter_pkg/__pycache__/params.cpython-310.pyc
/home/tusaslab7/tez_cbf/ros2_ws/install/cbf_filter_pkg/lib/python3.10/site-packages/cbf_filter_pkg/__pycache__/cbf.cpython-310.pyc
/home/tusaslab7/tez_cbf/ros2_ws/install/cbf_filter_pkg/lib/python3.10/site-packages/cbf_filter_pkg/__pycache__/ekf.cpython-310.pyc
/home/tusaslab7/tez_cbf/ros2_ws/install/cbf_filter_pkg/lib/python3.10/site-packages/cbf_filter_pkg/__pycache__/dynamics.cpython-310.pyc
/home/tusaslab7/tez_cbf/ros2_ws/install/cbf_filter_pkg/share/ament_index/resource_index/packages/cbf_filter_pkg
/home/tusaslab7/tez_cbf/ros2_ws/install/cbf_filter_pkg/share/cbf_filter_pkg/package.xml
/home/tusaslab7/tez_cbf/ros2_ws/install/cbf_filter_pkg/lib/python3.10/site-packages/cbf_filter_pkg-0.0.0-py3.10.egg-info/dependency_links.txt
/home/tusaslab7/tez_cbf/ros2_ws/install/cbf_filter_pkg/lib/python3.10/site-packages/cbf_filter_pkg-0.0.0-py3.10.egg-info/top_level.txt
/home/tusaslab7/tez_cbf/ros2_ws/install/cbf_filter_pkg/lib/python3.10/site-packages/cbf_filter_pkg-0.0.0-py3.10.egg-info/zip-safe
/home/tusaslab7/tez_cbf/ros2_ws/install/cbf_filter_pkg/lib/python3.10/site-packages/cbf_filter_pkg-0.0.0-py3.10.egg-info/requires.txt
/home/tusaslab7/tez_cbf/ros2_ws/install/cbf_filter_pkg/lib/python3.10/site-packages/cbf_filter_pkg-0.0.0-py3.10.egg-info/PKG-INFO
/home/tusaslab7/tez_cbf/ros2_ws/install/cbf_filter_pkg/lib/python3.10/site-packages/cbf_filter_pkg-0.0.0-py3.10.egg-info/SOURCES.txt
/home/tusaslab7/tez_cbf/ros2_ws/install/cbf_filter_pkg/lib/python3.10/site-packages/cbf_filter_pkg-0.0.0-py3.10.egg-info/entry_points.txt
/home/tusaslab7/tez_cbf/ros2_ws/install/cbf_filter_pkg/lib/cbf_filter_pkg/obstacle_chaser_node
/home/tusaslab7/tez_cbf/ros2_ws/install/cbf_filter_pkg/lib/cbf_filter_pkg/safety_filter_node
