[0.349s] Invoking command in '/home/tusaslab7/tez_cbf/ros2_ws/cbf_filter_pkg': PYTHONPATH=/home/tusaslab7/tez_cbf/ros2_ws/build/cbf_filter_pkg/prefix_override:/usr/lib/python3/dist-packages/colcon_core/task/python/colcon_distutils_commands:/home/tusaslab7/tez_cbf/ros2_ws/install/cbf_filter_pkg/lib/python3.10/site-packages:${PYTHONPATH} /usr/bin/python3 -W ignore:setup.py install is deprecated -W ignore:easy_install command is deprecated setup.py egg_info --egg-base ../build/cbf_filter_pkg build --build-base /home/tusaslab7/tez_cbf/ros2_ws/build/cbf_filter_pkg/build install --record /home/tusaslab7/tez_cbf/ros2_ws/build/cbf_filter_pkg/install.log --single-version-externally-managed install_data
[0.485s] running egg_info
[0.492s] writing ../build/cbf_filter_pkg/cbf_filter_pkg.egg-info/PKG-INFO
[0.493s] writing dependency_links to ../build/cbf_filter_pkg/cbf_filter_pkg.egg-info/dependency_links.txt
[0.493s] writing entry points to ../build/cbf_filter_pkg/cbf_filter_pkg.egg-info/entry_points.txt
[0.493s] writing requirements to ../build/cbf_filter_pkg/cbf_filter_pkg.egg-info/requires.txt
[0.493s] writing top-level names to ../build/cbf_filter_pkg/cbf_filter_pkg.egg-info/top_level.txt
[0.510s] reading manifest file '../build/cbf_filter_pkg/cbf_filter_pkg.egg-info/SOURCES.txt'
[0.511s] writing manifest file '../build/cbf_filter_pkg/cbf_filter_pkg.egg-info/SOURCES.txt'
[0.511s] running build
[0.511s] running build_py
[0.511s] copying cbf_filter_pkg/safety_filter_node.py -> /home/tusaslab7/tez_cbf/ros2_ws/build/cbf_filter_pkg/build/lib/cbf_filter_pkg
[0.511s] copying cbf_filter_pkg/__init__.py -> /home/tusaslab7/tez_cbf/ros2_ws/build/cbf_filter_pkg/build/lib/cbf_filter_pkg
[0.511s] copying cbf_filter_pkg/params.py -> /home/tusaslab7/tez_cbf/ros2_ws/build/cbf_filter_pkg/build/lib/cbf_filter_pkg
[0.511s] copying cbf_filter_pkg/cbf.py -> /home/tusaslab7/tez_cbf/ros2_ws/build/cbf_filter_pkg/build/lib/cbf_filter_pkg
[0.511s] copying cbf_filter_pkg/ekf.py -> /home/tusaslab7/tez_cbf/ros2_ws/build/cbf_filter_pkg/build/lib/cbf_filter_pkg
[0.511s] copying cbf_filter_pkg/dynamics.py -> /home/tusaslab7/tez_cbf/ros2_ws/build/cbf_filter_pkg/build/lib/cbf_filter_pkg
[0.511s] running install
[0.514s] running install_lib
[0.522s] copying /home/tusaslab7/tez_cbf/ros2_ws/build/cbf_filter_pkg/build/lib/cbf_filter_pkg/safety_filter_node.py -> /home/tusaslab7/tez_cbf/ros2_ws/install/cbf_filter_pkg/lib/python3.10/site-packages/cbf_filter_pkg
[0.522s] byte-compiling /home/tusaslab7/tez_cbf/ros2_ws/install/cbf_filter_pkg/lib/python3.10/site-packages/cbf_filter_pkg/safety_filter_node.py to safety_filter_node.cpython-310.pyc
[0.522s] running install_data
[0.522s] copying resource/cbf_filter_pkg -> /home/tusaslab7/tez_cbf/ros2_ws/install/cbf_filter_pkg/share/ament_index/resource_index/packages
[0.523s] copying package.xml -> /home/tusaslab7/tez_cbf/ros2_ws/install/cbf_filter_pkg/share/cbf_filter_pkg
[0.523s] running install_egg_info
[0.531s] removing '/home/tusaslab7/tez_cbf/ros2_ws/install/cbf_filter_pkg/lib/python3.10/site-packages/cbf_filter_pkg-0.0.0-py3.10.egg-info' (and everything under it)
[0.531s] Copying ../build/cbf_filter_pkg/cbf_filter_pkg.egg-info to /home/tusaslab7/tez_cbf/ros2_ws/install/cbf_filter_pkg/lib/python3.10/site-packages/cbf_filter_pkg-0.0.0-py3.10.egg-info
[0.532s] running install_scripts
[0.549s] Installing safety_filter_node script to /home/tusaslab7/tez_cbf/ros2_ws/install/cbf_filter_pkg/lib/cbf_filter_pkg
[0.549s] writing list of installed files to '/home/tusaslab7/tez_cbf/ros2_ws/build/cbf_filter_pkg/install.log'
[0.563s] Invoked command in '/home/tusaslab7/tez_cbf/ros2_ws/cbf_filter_pkg' returned '0': PYTHONPATH=/home/tusaslab7/tez_cbf/ros2_ws/build/cbf_filter_pkg/prefix_override:/usr/lib/python3/dist-packages/colcon_core/task/python/colcon_distutils_commands:/home/tusaslab7/tez_cbf/ros2_ws/install/cbf_filter_pkg/lib/python3.10/site-packages:${PYTHONPATH} /usr/bin/python3 -W ignore:setup.py install is deprecated -W ignore:easy_install command is deprecated setup.py egg_info --egg-base ../build/cbf_filter_pkg build --build-base /home/tusaslab7/tez_cbf/ros2_ws/build/cbf_filter_pkg/build install --record /home/tusaslab7/tez_cbf/ros2_ws/build/cbf_filter_pkg/install.log --single-version-externally-managed install_data
