running egg_info
creating ../build/cbf_filter_pkg/cbf_filter_pkg.egg-info
writing ../build/cbf_filter_pkg/cbf_filter_pkg.egg-info/PKG-INFO
writing dependency_links to ../build/cbf_filter_pkg/cbf_filter_pkg.egg-info/dependency_links.txt
writing entry points to ../build/cbf_filter_pkg/cbf_filter_pkg.egg-info/entry_points.txt
writing requirements to ../build/cbf_filter_pkg/cbf_filter_pkg.egg-info/requires.txt
writing top-level names to ../build/cbf_filter_pkg/cbf_filter_pkg.egg-info/top_level.txt
writing manifest file '../build/cbf_filter_pkg/cbf_filter_pkg.egg-info/SOURCES.txt'
reading manifest file '../build/cbf_filter_pkg/cbf_filter_pkg.egg-info/SOURCES.txt'
writing manifest file '../build/cbf_filter_pkg/cbf_filter_pkg.egg-info/SOURCES.txt'
running build
running build_py
creating /home/tusaslab7/tez_cbf/ros2_ws/build/cbf_filter_pkg/build/lib/cbf_filter_pkg
copying cbf_filter_pkg/safety_filter_node.py -> /home/tusaslab7/tez_cbf/ros2_ws/build/cbf_filter_pkg/build/lib/cbf_filter_pkg
copying cbf_filter_pkg/__init__.py -> /home/tusaslab7/tez_cbf/ros2_ws/build/cbf_filter_pkg/build/lib/cbf_filter_pkg
copying cbf_filter_pkg/params.py -> /home/tusaslab7/tez_cbf/ros2_ws/build/cbf_filter_pkg/build/lib/cbf_filter_pkg
copying cbf_filter_pkg/cbf.py -> /home/tusaslab7/tez_cbf/ros2_ws/build/cbf_filter_pkg/build/lib/cbf_filter_pkg
copying cbf_filter_pkg/ekf.py -> /home/tusaslab7/tez_cbf/ros2_ws/build/cbf_filter_pkg/build/lib/cbf_filter_pkg
copying cbf_filter_pkg/dynamics.py -> /home/tusaslab7/tez_cbf/ros2_ws/build/cbf_filter_pkg/build/lib/cbf_filter_pkg
running install
running install_lib
creating /home/tusaslab7/tez_cbf/ros2_ws/install/cbf_filter_pkg/lib/python3.10/site-packages/cbf_filter_pkg
copying /home/tusaslab7/tez_cbf/ros2_ws/build/cbf_filter_pkg/build/lib/cbf_filter_pkg/safety_filter_node.py -> /home/tusaslab7/tez_cbf/ros2_ws/install/cbf_filter_pkg/lib/python3.10/site-packages/cbf_filter_pkg
copying /home/tusaslab7/tez_cbf/ros2_ws/build/cbf_filter_pkg/build/lib/cbf_filter_pkg/__init__.py -> /home/tusaslab7/tez_cbf/ros2_ws/install/cbf_filter_pkg/lib/python3.10/site-packages/cbf_filter_pkg
copying /home/tusaslab7/tez_cbf/ros2_ws/build/cbf_filter_pkg/build/lib/cbf_filter_pkg/params.py -> /home/tusaslab7/tez_cbf/ros2_ws/install/cbf_filter_pkg/lib/python3.10/site-packages/cbf_filter_pkg
copying /home/tusaslab7/tez_cbf/ros2_ws/build/cbf_filter_pkg/build/lib/cbf_filter_pkg/cbf.py -> /home/tusaslab7/tez_cbf/ros2_ws/install/cbf_filter_pkg/lib/python3.10/site-packages/cbf_filter_pkg
copying /home/tusaslab7/tez_cbf/ros2_ws/build/cbf_filter_pkg/build/lib/cbf_filter_pkg/ekf.py -> /home/tusaslab7/tez_cbf/ros2_ws/install/cbf_filter_pkg/lib/python3.10/site-packages/cbf_filter_pkg
copying /home/tusaslab7/tez_cbf/ros2_ws/build/cbf_filter_pkg/build/lib/cbf_filter_pkg/dynamics.py -> /home/tusaslab7/tez_cbf/ros2_ws/install/cbf_filter_pkg/lib/python3.10/site-packages/cbf_filter_pkg
byte-compiling /home/tusaslab7/tez_cbf/ros2_ws/install/cbf_filter_pkg/lib/python3.10/site-packages/cbf_filter_pkg/safety_filter_node.py to safety_filter_node.cpython-310.pyc
byte-compiling /home/tusaslab7/tez_cbf/ros2_ws/install/cbf_filter_pkg/lib/python3.10/site-packages/cbf_filter_pkg/__init__.py to __init__.cpython-310.pyc
byte-compiling /home/tusaslab7/tez_cbf/ros2_ws/install/cbf_filter_pkg/lib/python3.10/site-packages/cbf_filter_pkg/params.py to params.cpython-310.pyc
byte-compiling /home/tusaslab7/tez_cbf/ros2_ws/install/cbf_filter_pkg/lib/python3.10/site-packages/cbf_filter_pkg/cbf.py to cbf.cpython-310.pyc
byte-compiling /home/tusaslab7/tez_cbf/ros2_ws/install/cbf_filter_pkg/lib/python3.10/site-packages/cbf_filter_pkg/ekf.py to ekf.cpython-310.pyc
byte-compiling /home/tusaslab7/tez_cbf/ros2_ws/install/cbf_filter_pkg/lib/python3.10/site-packages/cbf_filter_pkg/dynamics.py to dynamics.cpython-310.pyc
running install_data
creating /home/tusaslab7/tez_cbf/ros2_ws/install/cbf_filter_pkg/share/ament_index/resource_index/packages
copying resource/cbf_filter_pkg -> /home/tusaslab7/tez_cbf/ros2_ws/install/cbf_filter_pkg/share/ament_index/resource_index/packages
copying package.xml -> /home/tusaslab7/tez_cbf/ros2_ws/install/cbf_filter_pkg/share/cbf_filter_pkg
running install_egg_info
Copying ../build/cbf_filter_pkg/cbf_filter_pkg.egg-info to /home/tusaslab7/tez_cbf/ros2_ws/install/cbf_filter_pkg/lib/python3.10/site-packages/cbf_filter_pkg-0.0.0-py3.10.egg-info
running install_scripts
Installing safety_filter_node script to /home/tusaslab7/tez_cbf/ros2_ws/install/cbf_filter_pkg/lib/cbf_filter_pkg
writing list of installed files to '/home/tusaslab7/tez_cbf/ros2_ws/build/cbf_filter_pkg/install.log'
