[0.062s] DEBUG:colcon:Command line arguments: ['/usr/bin/colcon', 'build', '--packages-select', 'cbf_filter_pkg']
[0.062s] DEBUG:colcon:Parsed command line arguments: Namespace(log_base=None, log_level=None, verb_name='build', build_base='build', install_base='install', merge_install=False, symlink_install=False, test_result_base=None, continue_on_error=False, executor='parallel', parallel_workers=12, event_handlers=None, ignore_user_meta=False, metas=['./colcon.meta'], base_paths=['.'], packages_ignore=None, packages_ignore_regex=None, paths=None, packages_up_to=None, packages_up_to_regex=None, packages_above=None, packages_above_and_dependencies=None, packages_above_depth=None, packages_select_by_dep=None, packages_skip_by_dep=None, packages_skip_up_to=None, packages_select_build_failed=False, packages_skip_build_finished=False, packages_select_test_failures=False, packages_skip_test_passed=False, packages_select=['cbf_filter_pkg'], packages_skip=None, packages_select_regex=None, packages_skip_regex=None, packages_start=None, packages_end=None, allow_overriding=[], cmake_args=None, cmake_target=None, cmake_target_skip_unavailable=False, cmake_clean_cache=False, cmake_clean_first=False, cmake_force_configure=False, ament_cmake_args=None, catkin_cmake_args=None, catkin_skip_building_tests=False, mixin_files=None, mixin=None, verb_parser=<colcon_mixin.mixin.mixin_argument.MixinArgumentDecorator object at 0x7408b4094880>, verb_extension=<colcon_core.verb.build.BuildVerb object at 0x7408b4067e50>, main=<bound method BuildVerb.main of <colcon_core.verb.build.BuildVerb object at 0x7408b4067e50>>, mixin_verb=('build',))
[0.086s] Level 1:colcon.colcon_core.package_discovery:discover_packages(colcon_meta) check parameters
[0.087s] Level 1:colcon.colcon_core.package_discovery:discover_packages(recursive) check parameters
[0.087s] Level 1:colcon.colcon_core.package_discovery:discover_packages(ignore) check parameters
[0.087s] Level 1:colcon.colcon_core.package_discovery:discover_packages(path) check parameters
[0.087s] Level 1:colcon.colcon_core.package_discovery:discover_packages(colcon_meta) discover
[0.087s] Level 1:colcon.colcon_core.package_discovery:discover_packages(recursive) discover
[0.087s] INFO:colcon.colcon_core.package_discovery:Crawling recursively for packages in '/home/tusaslab7/tez_cbf/ros2_ws'
[0.087s] Level 1:colcon.colcon_core.package_identification:_identify(.) by extensions ['ignore', 'ignore_ament_install']
[0.087s] Level 1:colcon.colcon_core.package_identification:_identify(.) by extension 'ignore'
[0.087s] Level 1:colcon.colcon_core.package_identification:_identify(.) by extension 'ignore_ament_install'
[0.087s] Level 1:colcon.colcon_core.package_identification:_identify(.) by extensions ['colcon_pkg']
[0.087s] Level 1:colcon.colcon_core.package_identification:_identify(.) by extension 'colcon_pkg'
[0.087s] Level 1:colcon.colcon_core.package_identification:_identify(.) by extensions ['colcon_meta']
[0.087s] Level 1:colcon.colcon_core.package_identification:_identify(.) by extension 'colcon_meta'
[0.087s] Level 1:colcon.colcon_core.package_identification:_identify(.) by extensions ['ros']
[0.087s] Level 1:colcon.colcon_core.package_identification:_identify(.) by extension 'ros'
[0.096s] Level 1:colcon.colcon_core.package_identification:_identify(.) by extensions ['cmake', 'python']
[0.096s] Level 1:colcon.colcon_core.package_identification:_identify(.) by extension 'cmake'
[0.096s] Level 1:colcon.colcon_core.package_identification:_identify(.) by extension 'python'
[0.096s] Level 1:colcon.colcon_core.package_identification:_identify(.) by extensions ['python_setup_py']
[0.096s] Level 1:colcon.colcon_core.package_identification:_identify(.) by extension 'python_setup_py'
[0.096s] Level 1:colcon.colcon_core.package_identification:_identify(build) by extensions ['ignore', 'ignore_ament_install']
[0.096s] Level 1:colcon.colcon_core.package_identification:_identify(build) by extension 'ignore'
[0.096s] Level 1:colcon.colcon_core.package_identification:_identify(build) ignored
[0.096s] Level 1:colcon.colcon_core.package_identification:_identify(cbf_filter_pkg) by extensions ['ignore', 'ignore_ament_install']
[0.096s] Level 1:colcon.colcon_core.package_identification:_identify(cbf_filter_pkg) by extension 'ignore'
[0.096s] Level 1:colcon.colcon_core.package_identification:_identify(cbf_filter_pkg) by extension 'ignore_ament_install'
[0.096s] Level 1:colcon.colcon_core.package_identification:_identify(cbf_filter_pkg) by extensions ['colcon_pkg']
[0.096s] Level 1:colcon.colcon_core.package_identification:_identify(cbf_filter_pkg) by extension 'colcon_pkg'
[0.096s] Level 1:colcon.colcon_core.package_identification:_identify(cbf_filter_pkg) by extensions ['colcon_meta']
[0.096s] Level 1:colcon.colcon_core.package_identification:_identify(cbf_filter_pkg) by extension 'colcon_meta'
[0.096s] Level 1:colcon.colcon_core.package_identification:_identify(cbf_filter_pkg) by extensions ['ros']
[0.096s] Level 1:colcon.colcon_core.package_identification:_identify(cbf_filter_pkg) by extension 'ros'
[0.098s] DEBUG:colcon.colcon_core.package_identification:Package 'cbf_filter_pkg' with type 'ros.ament_python' and name 'cbf_filter_pkg'
[0.098s] Level 1:colcon.colcon_core.package_identification:_identify(install) by extensions ['ignore', 'ignore_ament_install']
[0.098s] Level 1:colcon.colcon_core.package_identification:_identify(install) by extension 'ignore'
[0.098s] Level 1:colcon.colcon_core.package_identification:_identify(install) ignored
[0.098s] Level 1:colcon.colcon_core.package_identification:_identify(log) by extensions ['ignore', 'ignore_ament_install']
[0.098s] Level 1:colcon.colcon_core.package_identification:_identify(log) by extension 'ignore'
[0.098s] Level 1:colcon.colcon_core.package_identification:_identify(log) ignored
[0.098s] Level 1:colcon.colcon_core.package_discovery:discover_packages(recursive) using defaults
[0.098s] Level 1:colcon.colcon_core.package_discovery:discover_packages(ignore) discover
[0.098s] Level 1:colcon.colcon_core.package_discovery:discover_packages(ignore) using defaults
[0.098s] Level 1:colcon.colcon_core.package_discovery:discover_packages(path) discover
[0.098s] Level 1:colcon.colcon_core.package_discovery:discover_packages(path) using defaults
[0.111s] Level 1:colcon.colcon_core.package_discovery:discover_packages(prefix_path) check parameters
[0.111s] Level 1:colcon.colcon_core.package_discovery:discover_packages(prefix_path) discover
[0.112s] DEBUG:colcon.colcon_installed_package_information.package_discovery:Found 1 installed packages in /home/tusaslab7/tez_cbf/ros2_ws/install
[0.113s] DEBUG:colcon.colcon_installed_package_information.package_discovery:Found 453 installed packages in /opt/ros/humble
[0.114s] Level 1:colcon.colcon_core.package_discovery:discover_packages(prefix_path) using defaults
[0.149s] Level 5:colcon.colcon_core.verb:set package 'cbf_filter_pkg' build argument 'cmake_args' from command line to 'None'
[0.149s] Level 5:colcon.colcon_core.verb:set package 'cbf_filter_pkg' build argument 'cmake_target' from command line to 'None'
[0.149s] Level 5:colcon.colcon_core.verb:set package 'cbf_filter_pkg' build argument 'cmake_target_skip_unavailable' from command line to 'False'
[0.149s] Level 5:colcon.colcon_core.verb:set package 'cbf_filter_pkg' build argument 'cmake_clean_cache' from command line to 'False'
[0.149s] Level 5:colcon.colcon_core.verb:set package 'cbf_filter_pkg' build argument 'cmake_clean_first' from command line to 'False'
[0.149s] Level 5:colcon.colcon_core.verb:set package 'cbf_filter_pkg' build argument 'cmake_force_configure' from command line to 'False'
[0.149s] Level 5:colcon.colcon_core.verb:set package 'cbf_filter_pkg' build argument 'ament_cmake_args' from command line to 'None'
[0.149s] Level 5:colcon.colcon_core.verb:set package 'cbf_filter_pkg' build argument 'catkin_cmake_args' from command line to 'None'
[0.149s] Level 5:colcon.colcon_core.verb:set package 'cbf_filter_pkg' build argument 'catkin_skip_building_tests' from command line to 'False'
[0.149s] DEBUG:colcon.colcon_core.verb:Building package 'cbf_filter_pkg' with the following arguments: {'ament_cmake_args': None, 'build_base': '/home/tusaslab7/tez_cbf/ros2_ws/build/cbf_filter_pkg', 'catkin_cmake_args': None, 'catkin_skip_building_tests': False, 'cmake_args': None, 'cmake_clean_cache': False, 'cmake_clean_first': False, 'cmake_force_configure': False, 'cmake_target': None, 'cmake_target_skip_unavailable': False, 'install_base': '/home/tusaslab7/tez_cbf/ros2_ws/install/cbf_filter_pkg', 'merge_install': False, 'path': '/home/tusaslab7/tez_cbf/ros2_ws/cbf_filter_pkg', 'symlink_install': False, 'test_result_base': None}
[0.149s] INFO:colcon.colcon_core.executor:Executing jobs using 'parallel' executor
[0.150s] DEBUG:colcon.colcon_parallel_executor.executor.parallel:run_until_complete
[0.150s] INFO:colcon.colcon_ros.task.ament_python.build:Building ROS package in '/home/tusaslab7/tez_cbf/ros2_ws/cbf_filter_pkg' with build type 'ament_python'
[0.150s] Level 1:colcon.colcon_core.shell:create_environment_hook('cbf_filter_pkg', 'ament_prefix_path')
[0.151s] INFO:colcon.colcon_core.plugin_system:Skipping extension 'colcon_core.shell.bat': Not used on non-Windows systems
[0.151s] INFO:colcon.colcon_core.shell:Creating environment hook '/home/tusaslab7/tez_cbf/ros2_ws/install/cbf_filter_pkg/share/cbf_filter_pkg/hook/ament_prefix_path.ps1'
[0.152s] INFO:colcon.colcon_core.shell:Creating environment descriptor '/home/tusaslab7/tez_cbf/ros2_ws/install/cbf_filter_pkg/share/cbf_filter_pkg/hook/ament_prefix_path.dsv'
[0.152s] INFO:colcon.colcon_core.shell:Creating environment hook '/home/tusaslab7/tez_cbf/ros2_ws/install/cbf_filter_pkg/share/cbf_filter_pkg/hook/ament_prefix_path.sh'
[0.152s] INFO:colcon.colcon_core.shell:Skip shell extension 'powershell' for command environment: Not usable outside of PowerShell
[0.152s] DEBUG:colcon.colcon_core.shell:Skip shell extension 'dsv' for command environment
[0.271s] INFO:colcon.colcon_core.task.python.build:Building Python package in '/home/tusaslab7/tez_cbf/ros2_ws/cbf_filter_pkg'
[0.272s] INFO:colcon.colcon_core.shell:Skip shell extension 'powershell' for command environment: Not usable outside of PowerShell
[0.272s] DEBUG:colcon.colcon_core.shell:Skip shell extension 'dsv' for command environment
[0.499s] DEBUG:colcon.colcon_core.event_handler.log_command:Invoking command in '/home/tusaslab7/tez_cbf/ros2_ws/cbf_filter_pkg': PYTHONPATH=/home/tusaslab7/tez_cbf/ros2_ws/build/cbf_filter_pkg/prefix_override:/usr/lib/python3/dist-packages/colcon_core/task/python/colcon_distutils_commands:/home/tusaslab7/tez_cbf/ros2_ws/install/cbf_filter_pkg/lib/python3.10/site-packages:${PYTHONPATH} /usr/bin/python3 -W ignore:setup.py install is deprecated -W ignore:easy_install command is deprecated setup.py egg_info --egg-base ../build/cbf_filter_pkg build --build-base /home/tusaslab7/tez_cbf/ros2_ws/build/cbf_filter_pkg/build install --record /home/tusaslab7/tez_cbf/ros2_ws/build/cbf_filter_pkg/install.log --single-version-externally-managed install_data
[0.714s] DEBUG:colcon.colcon_core.event_handler.log_command:Invoked command in '/home/tusaslab7/tez_cbf/ros2_ws/cbf_filter_pkg' returned '0': PYTHONPATH=/home/tusaslab7/tez_cbf/ros2_ws/build/cbf_filter_pkg/prefix_override:/usr/lib/python3/dist-packages/colcon_core/task/python/colcon_distutils_commands:/home/tusaslab7/tez_cbf/ros2_ws/install/cbf_filter_pkg/lib/python3.10/site-packages:${PYTHONPATH} /usr/bin/python3 -W ignore:setup.py install is deprecated -W ignore:easy_install command is deprecated setup.py egg_info --egg-base ../build/cbf_filter_pkg build --build-base /home/tusaslab7/tez_cbf/ros2_ws/build/cbf_filter_pkg/build install --record /home/tusaslab7/tez_cbf/ros2_ws/build/cbf_filter_pkg/install.log --single-version-externally-managed install_data
[0.715s] Level 1:colcon.colcon_core.environment:checking '/home/tusaslab7/tez_cbf/ros2_ws/install/cbf_filter_pkg' for CMake module files
[0.715s] Level 1:colcon.colcon_core.environment:checking '/home/tusaslab7/tez_cbf/ros2_ws/install/cbf_filter_pkg' for CMake config files
[0.715s] Level 1:colcon.colcon_core.environment:checking '/home/tusaslab7/tez_cbf/ros2_ws/install/cbf_filter_pkg/lib'
[0.716s] Level 1:colcon.colcon_core.environment:checking '/home/tusaslab7/tez_cbf/ros2_ws/install/cbf_filter_pkg/bin'
[0.716s] Level 1:colcon.colcon_core.environment:checking '/home/tusaslab7/tez_cbf/ros2_ws/install/cbf_filter_pkg/lib/pkgconfig/cbf_filter_pkg.pc'
[0.716s] Level 1:colcon.colcon_core.environment:checking '/home/tusaslab7/tez_cbf/ros2_ws/install/cbf_filter_pkg/lib/python3.10/site-packages'
[0.716s] Level 1:colcon.colcon_core.shell:create_environment_hook('cbf_filter_pkg', 'pythonpath')
[0.716s] INFO:colcon.colcon_core.shell:Creating environment hook '/home/tusaslab7/tez_cbf/ros2_ws/install/cbf_filter_pkg/share/cbf_filter_pkg/hook/pythonpath.ps1'
[0.716s] INFO:colcon.colcon_core.shell:Creating environment descriptor '/home/tusaslab7/tez_cbf/ros2_ws/install/cbf_filter_pkg/share/cbf_filter_pkg/hook/pythonpath.dsv'
[0.716s] INFO:colcon.colcon_core.shell:Creating environment hook '/home/tusaslab7/tez_cbf/ros2_ws/install/cbf_filter_pkg/share/cbf_filter_pkg/hook/pythonpath.sh'
[0.717s] Level 1:colcon.colcon_core.environment:checking '/home/tusaslab7/tez_cbf/ros2_ws/install/cbf_filter_pkg/bin'
[0.717s] Level 1:colcon.colcon_core.environment:create_environment_scripts_only(cbf_filter_pkg)
[0.717s] INFO:colcon.colcon_core.shell:Creating package script '/home/tusaslab7/tez_cbf/ros2_ws/install/cbf_filter_pkg/share/cbf_filter_pkg/package.ps1'
[0.718s] INFO:colcon.colcon_core.shell:Creating package descriptor '/home/tusaslab7/tez_cbf/ros2_ws/install/cbf_filter_pkg/share/cbf_filter_pkg/package.dsv'
[0.718s] INFO:colcon.colcon_core.shell:Creating package script '/home/tusaslab7/tez_cbf/ros2_ws/install/cbf_filter_pkg/share/cbf_filter_pkg/package.sh'
[0.718s] INFO:colcon.colcon_core.shell:Creating package script '/home/tusaslab7/tez_cbf/ros2_ws/install/cbf_filter_pkg/share/cbf_filter_pkg/package.bash'
[0.719s] INFO:colcon.colcon_core.shell:Creating package script '/home/tusaslab7/tez_cbf/ros2_ws/install/cbf_filter_pkg/share/cbf_filter_pkg/package.zsh'
[0.719s] Level 1:colcon.colcon_core.environment:create_file_with_runtime_dependencies(/home/tusaslab7/tez_cbf/ros2_ws/install/cbf_filter_pkg/share/colcon-core/packages/cbf_filter_pkg)
[0.719s] DEBUG:colcon.colcon_parallel_executor.executor.parallel:closing loop
[0.719s] DEBUG:colcon.colcon_parallel_executor.executor.parallel:loop closed
[0.719s] DEBUG:colcon.colcon_parallel_executor.executor.parallel:run_until_complete finished with '0'
[0.719s] DEBUG:colcon.colcon_core.event_reactor:joining thread
[0.722s] INFO:colcon.colcon_core.plugin_system:Skipping extension 'colcon_notification.desktop_notification.terminal_notifier': Not used on non-Darwin systems
[0.722s] INFO:colcon.colcon_core.plugin_system:Skipping extension 'colcon_notification.desktop_notification.win32': Not used on non-Windows systems
[0.722s] INFO:colcon.colcon_notification.desktop_notification:Sending desktop notification using 'notify2'
[0.729s] DEBUG:colcon.colcon_core.event_reactor:joined thread
[0.730s] INFO:colcon.colcon_core.shell:Creating prefix script '/home/tusaslab7/tez_cbf/ros2_ws/install/local_setup.ps1'
[0.730s] INFO:colcon.colcon_core.shell:Creating prefix util module '/home/tusaslab7/tez_cbf/ros2_ws/install/_local_setup_util_ps1.py'
[0.731s] INFO:colcon.colcon_core.shell:Creating prefix chain script '/home/tusaslab7/tez_cbf/ros2_ws/install/setup.ps1'
[0.732s] INFO:colcon.colcon_core.shell:Creating prefix script '/home/tusaslab7/tez_cbf/ros2_ws/install/local_setup.sh'
[0.732s] INFO:colcon.colcon_core.shell:Creating prefix util module '/home/tusaslab7/tez_cbf/ros2_ws/install/_local_setup_util_sh.py'
[0.732s] INFO:colcon.colcon_core.shell:Creating prefix chain script '/home/tusaslab7/tez_cbf/ros2_ws/install/setup.sh'
[0.733s] INFO:colcon.colcon_core.shell:Creating prefix script '/home/tusaslab7/tez_cbf/ros2_ws/install/local_setup.bash'
[0.733s] INFO:colcon.colcon_core.shell:Creating prefix chain script '/home/tusaslab7/tez_cbf/ros2_ws/install/setup.bash'
[0.734s] INFO:colcon.colcon_core.shell:Creating prefix script '/home/tusaslab7/tez_cbf/ros2_ws/install/local_setup.zsh'
[0.734s] INFO:colcon.colcon_core.shell:Creating prefix chain script '/home/tusaslab7/tez_cbf/ros2_ws/install/setup.zsh'
